// Jest Snapshot v1, https://goo.gl/fbAQLP

exports[`actionCreator.toString() 1`] = `"string"`;

exports[`setUserSetting('settingA', 'foo') 1`] = `"TH.PayloadAction<\\"SET_USER_SETTING\\", { setting: \\"settingA\\"; newValue: string; }>"`;

exports[`setUserSetting('settingA', 0) 1`] = `"Argument of type '0' is not assignable to parameter of type 'string'."`;

exports[`setUserSetting('settingB', 'foo') 1`] = `"Argument of type '\\"foo\\"' is not assignable to parameter of type 'number'."`;

exports[`setUserSetting('settingB', 0) 1`] = `"TH.PayloadAction<\\"SET_USER_SETTING\\", { setting: \\"settingB\\"; newValue: number; }>"`;

exports[`withMeta('info message') 1`] = `"TH.PayloadMetaAction<\\"CREATE_ACTION\\", undefined, string>"`;

exports[`withMeta('info message') 2`] = `"TH.PayloadMetaAction<\\"CREATE_ACTION\\", undefined, string | number | null>"`;

exports[`withMeta(3) 1`] = `"TH.PayloadMetaAction<\\"CREATE_ACTION\\", undefined, string | number | null>"`;

exports[`withMeta(null) 1`] = `"TH.PayloadMetaAction<\\"CREATE_ACTION\\", undefined, string | number | null>"`;

exports[`withMeta(undefined, 'token') 1`] = `"TH.PayloadMetaAction<\\"CREATE_ACTION\\", undefined, string>"`;

exports[`withMeta(undefined, 'token') 2`] = `"TH.PayloadMetaAction<\\"CREATE_ACTION\\", undefined, any>"`;

exports[`withPayload('foo') 1`] = `"TH.PayloadAction<\\"CREATE_ACTION\\", string | number | null>"`;

exports[`withPayload('info message') 1`] = `"TH.PayloadAction<\\"CREATE_ACTION\\", string>"`;

exports[`withPayload('info message') 2`] = `"TH.PayloadAction<\\"CREATE_ACTION\\", string | number | null>"`;

exports[`withPayload('up') 1`] = `"TH.PayloadAction<\\"CREATE_ACTION\\", \\"up\\" | \\"down\\" | \\"unknown\\">"`;

exports[`withPayload(3) 1`] = `"TH.PayloadAction<\\"CREATE_ACTION\\", string | number | null>"`;

exports[`withPayload(3) 2`] = `"TH.PayloadAction<\\"CREATE_ACTION\\", string | number | null>"`;

exports[`withPayload(10) 1`] = `"TH.PayloadAction<\\"CREATE_ACTION\\", number>"`;

exports[`withPayload(10) 2`] = `"TH.PayloadAction<\\"CREATE_ACTION\\", any>"`;

exports[`withPayload(null) 1`] = `"TH.PayloadAction<\\"CREATE_ACTION\\", string | number | null>"`;

exports[`withPayload(null) 2`] = `"TH.PayloadAction<\\"CREATE_ACTION\\", string | number | null>"`;

exports[`withPayload(true) 1`] = `"TH.PayloadAction<\\"CREATE_ACTION\\", boolean>"`;

exports[`withPayloadAndMeta('Piotr', 'Hello!') 1`] = `"TH.PayloadMetaAction<\\"CREATE_ACTION\\", string, { username: string; message: string; }>"`;

exports[`withPayloadAndMeta(1, 'token') 1`] = `"TH.PayloadMetaAction<\\"CREATE_ACTION\\", number, string>"`;

exports[`withSymbol() 1`] = `"TH.EmptyAction<any>"`;

exports[`withTypeOnly() 1`] = `"TH.EmptyAction<\\"CREATE_ACTION\\">"`;

exports[`withTypeOnly() 2`] = `"TH.EmptyAction<\\"CREATE_ACTION\\">"`;
