// Jest Snapshot v1, https://goo.gl/fbAQLP

exports[`getType(createAction('CREATE_ACTION')()) 1`] = `"\\"CREATE_ACTION\\""`;

exports[`getType(createCustomAction('CREATE_CUSTOM_ACTION')) 1`] = `"\\"CREATE_CUSTOM_ACTION\\""`;
